
> scratch@0.1.0 build
> next build

   ▲ Next.js 16.0.4 (Turbopack)
   - Environments: .env

   Creating an optimized production build ...
 ✓ Compiled successfully in 1587.1ms
   Running TypeScript ...
   Collecting page data using 7 workers ...
   Generating static pages using 7 workers (0/12) ...
   Generating static pages using 7 workers (3/12) 
   Generating static pages using 7 workers (6/12) 
   Generating static pages using 7 workers (9/12) 
 ✓ Generating static pages using 7 workers (12/12) in 448.5ms
   Finalizing page optimization ...

Route (app)
┌ ○ /
├ ○ /_not-found
├ ○ /admin
├ ○ /admin/employees
├ ○ /admin/menu
├ ○ /admin/reports
├ ○ /admin/tables
├ ○ /kds
├ ○ /pos
├ ƒ /pos/order/[tableId]
└ ○ /pos/tables


○  (Static)   prerendered as static content
ƒ  (Dynamic)  server-rendered on demand

